Component: ARM Compiler 5.05 update 1 (build 106) Tool: armlink [4d0efa]

==============================================================================

Section Cross References

    s3c2440.o(RESET) refers to s3c2440.o(STACK) for Stack_Top
    s3c2440.o(RESET) refers to main.o(i.__main) for __main
    s3c2440.o(.text) refers to s3c2440.o(HEAP) for Heap_Mem
    s3c2440.o(.text) refers to s3c2440.o(STACK) for Stack_Mem


==============================================================================

Image Symbol Table

    Local Symbols

    Symbol Name                              Value     Ov Type        Size  Object(Section)

    S3C2440.s                                0x00000000   Number         0  s3c2440.o ABSOLUTE
    main.c                                   0x00000000   Number         0  main.o ABSOLUTE
    RESET                                    0x30000000   Section      408  s3c2440.o(RESET)
    Undef_Handler                            0x30000040   ARM Code       4  s3c2440.o(RESET)
    SWI_Handler                              0x30000044   ARM Code       4  s3c2440.o(RESET)
    PAbt_Handler                             0x30000048   ARM Code       4  s3c2440.o(RESET)
    DAbt_Handler                             0x3000004c   ARM Code       4  s3c2440.o(RESET)
    FIQ_Handler                              0x30000054   ARM Code       4  s3c2440.o(RESET)
    .text                                    0x30000198   Section       32  s3c2440.o(.text)
    i.__main                                 0x300001b8   Section        0  main.o(i.__main)
    HEAP                                     0x31000000   Section        0  s3c2440.o(HEAP)
    STACK                                    0x31000000   Section     1160  s3c2440.o(STACK)
    Heap_Mem                                 0x31000000   Data           0  s3c2440.o(HEAP)
    Stack_Mem                                0x31000000   Data        1024  s3c2440.o(STACK)
    Stack_Top                                0x31000488   Data           0  s3c2440.o(STACK)

    Global Symbols

    Symbol Name                              Value     Ov Type        Size  Object(Section)

    BuildAttributes$$THM_ISAv1$ARM_ISAv4$S$PE$A:L22$X:L11$S22$IEEE1$IW$USESV6$~STKCKD$USESV7$WCHAR32$ENUMINT$~SHL$OSPACE$EBA8$STANDARDLIB$REQ8$PRES8$EABIv2 0x00000000   Number         0  anon$$obj.o ABSOLUTE
    IRQ_Handler                              0x30000050   ARM Code       4  s3c2440.o(RESET)
    Reset_Handler                            0x30000058   ARM Code       0  s3c2440.o(RESET)
    __user_initial_stackheap                 0x30000198   ARM Code       0  s3c2440.o(.text)
    __main                                   0x300001b8   ARM Code      16  main.o(i.__main)



==============================================================================

Memory Map of the image

  Image entry point : Not specified.

  Load Region LR_ROM1 (Base: 0x30000000, Size: 0x000001c8, Max: 0x01000000, ABSOLUTE)

    Execution Region ER_ROM1 (Base: 0x30000000, Size: 0x000001c8, Max: 0x01000000, ABSOLUTE)

    Base Addr    Size         Type   Attr      Idx    E Section Name        Object

    0x30000000   0x00000198   Code   RO            3    RESET               s3c2440.o
    0x30000198   0x00000020   Code   RO            4    .text               s3c2440.o
    0x300001b8   0x00000010   Code   RO           12    i.__main            main.o


    Execution Region RW_RAM1 (Base: 0x31000000, Size: 0x00000488, Max: 0x01000000, ABSOLUTE)

    Base Addr    Size         Type   Attr      Idx    E Section Name        Object

    0x31000000   0x00000000   Zero   RW            2    HEAP                s3c2440.o
    0x31000000   0x00000488   Zero   RW            1    STACK               s3c2440.o


    Execution Region RW_IRAM1 (Base: 0x40000000, Size: 0x00000000, Max: 0x00001000, ABSOLUTE)

    **** No section assigned to this execution region ****


==============================================================================

Image component sizes


      Code (inc. data)   RO Data    RW Data    ZI Data      Debug   Object Name

        16          0          0          0          0       1821   main.o
       440         80          0          0       1160        644   s3c2440.o

    ----------------------------------------------------------------------
       456         80          0          0       1160       2465   Object Totals
         0          0          0          0          0          0   (incl. Generated)
         0          0          0          0          0          0   (incl. Padding)

    ----------------------------------------------------------------------
         0          0          0          0          0          0   Library Totals
         0          0          0          0          0          0   (incl. Padding)

    ----------------------------------------------------------------------

==============================================================================


      Code (inc. data)   RO Data    RW Data    ZI Data      Debug   

       456         80          0          0       1160       2465   Grand Totals
       456         80          0          0       1160       2465   ELF Image Totals
       456         80          0          0          0          0   ROM Totals

==============================================================================

    Total RO  Size (Code + RO Data)                  456 (   0.45kB)
    Total RW  Size (RW Data + ZI Data)              1160 (   1.13kB)
    Total ROM Size (Code + RO Data + RW Data)        456 (   0.45kB)

==============================================================================

