<!doctype html public "-//w3c//dtd html 4.0 transitional//en">
<html><head>
<title>Static Call Graph - [.\Objects\arm_asm.axf]</title></head>
<body><HR>
<H1>Static Call Graph for image .\Objects\arm_asm.axf</H1><HR>
<BR><P>#&#060CALLGRAPH&#062# ARM Linker, 5050106: Last Updated: Wed Dec 18 22:46:29 2019
<BR><P>
<H3>Maximum Stack Usage =          0 bytes + Unknown(Functions without stacksize, Untraceable Function Pointers)</H3><H3>
Call chain for Maximum Stack Depth:</H3>

<P>
<H3>
Functions with no stack information
</H3><UL>
 <LI><a href="#[0]">func1</a>
 <LI><a href="#[1]">func2</a>
</UL>
</UL>
<P>
<H3>
Function Pointers
</H3><UL>
 <LI><a href="#[0]">func1</a> from test.o(main) referenced from test.o(main)
 <LI><a href="#[1]">func2</a> from test.o(main) referenced from test.o(main)
</UL>
<P>
<H3>
Global Symbols
</H3><P>
<H3>
Local Symbols
</H3>
<P><STRONG><a name="[0]"></a>func1</STRONG> (ARM, 0 bytes, Stack size unknown bytes, test.o(main))
<BR>[Address Reference Count : 1]<UL><LI> test.o(main)
</UL>
<P><STRONG><a name="[1]"></a>func2</STRONG> (ARM, 0 bytes, Stack size unknown bytes, test.o(main))
<BR>[Address Reference Count : 1]<UL><LI> test.o(main)
</UL><P>
<H3>
Undefined Global Symbols
</H3><HR></body></html>
